// Jest Snapshot v1, https://goo.gl/fbAQLP

exports[`Message renders correctly 1`] = `
<div
  className="css-yneirn"
>
  <textarea
    className="css-1htpcuh"
    onChange={[Function]}
    placeholder="  Write a message"
    rows={1}
    style={undefined}
    value="Hello, world!"
  />
  <button
    className="css-grs26u"
    onClick={[Function]}
  >
    Send
  </button>
</div>
`;
